
> WDP_BE@0.0.1 build
> nest build

