
> WDP_BE@0.0.1 build
> nest build

npm : [96msrc/common/decorators/not
-equal-to.decorator.ts[0m:[93m26[
0m:[93m26[0m - 
[91merror[0m[90m TS2551: 
[0mProperty 'propertyName' does 
not exist on type 
'ValidationArguments'. Did you mean 
'property'?
At line:1 char:1
+ npm run build > build_errors.txt 
2>&1
+ ~~~~~~~~~~~~~~~~~~~~~~~~~~~~~~~~~~
~~~
    + CategoryInfo          : NotSp 
   ecified: ([96msrc/common...ean  
   'property'?:String) [], Remote   
 Exception
    + FullyQualifiedErrorId : Nativ 
   eCommandError
 

[7m26[0m           return 
`${args.propertyName} must not be 
equal to ${relatedPropertyName}`;
[7m  [0m [91m                    
     ~~~~~~~~~~~~[0m

  [96mnode_modules/class-validator/
types/validation/ValidationArguments
.d.ts[0m:[93m25[0m:[93m5[0m
    [7m25[0m     property: string;
    [7m  [0m [96m    ~~~~~~~~[0m
    'property' is declared here.
[96msrc/modules/collector/collector
.module.ts[0m:[93m11[0m:[93m41[
0m - [91merror[0m[90m TS2307: 
[0mCannot find module './services/g
et-collector-list.service' or its 
corresponding type declarations.

[7m11[0m import { 
GetCollectorListService } from './se
rvices/get-collector-list.service';
[7m  [0m [91m                    
                    ~~~~~~~~~~~~~~~~
~~~~~~~~~~~~~~~~~~~~~~~[0m

Found 2 error(s).

